
> microsoft-rewards-script@4.0.0-beta.1 start
> node ./dist/index.js

[3/26/2026, 12:30:39 AM] [MAIN] [INFO] MAIN [RUN-START] Starting Microsoft Rewards Script | v4.0.0-beta.1 | Accounts: 1 | Clusters: 1
[3/26/2026, 12:30:39 AM] [helmiii] [INFO] MAIN [ACCOUNT-START] Starting account: helmiii@duck.com | geoLocale: auto
[3/26/2026, 12:30:39 AM] [helmiii] [INFO] MAIN [FLOW] Starting session for helmiii@duck.com
[3/26/2026, 12:30:40 AM] [helmiii] [INFO] MOBILE [BROWSER] Created browser with User-Agent: "Mozilla/5.0 (Linux; Android 13; K) AppleWebKit/537.36 (KHTML, like Gecko) Chrome/146.0.0.0 Mobile Safari/537.36 EdgA/146.0.3856.71"
[3/26/2026, 12:30:40 AM] [helmiii] [DEBUG] MOBILE [BROWSER-FINGERPRINT] {"fingerprint":{"screen":{"availTop":0,"availLeft":0,"pageXOffset":0,"pageYOffset":0,"screenX":0,"hasHDR":true,"width":412,"height":915,"availWidth":412,"availHeight":915,"clientWidth":0,"clientHeight":19,"innerWidth":0,"innerHeight":0,"outerWidth":412,"outerHeight":749,"colorDepth":24,"pixelDepth":24,"devicePixelRatio":2.625},"navigator":{"userAgent":"Mozilla/5.0 (Linux; Android 13; K) AppleWebKit/537.36 (KHTML, like Gecko) Chrome/146.0.0.0 Mobile Safari/537.36 EdgA/146.0.3856.71","userAgentData":{"isMobile":true,"platform":"Android","fullVersionList":[{"brand":"Not/A)Brand","version":"99.0.0.0"},{"brand":"Microsoft Edge","version":"146.0.3856.71"},{"brand":"Chromium","version":"146.0.7680.165"}],"brands":[{"brand":"Not/A)Brand","version":"99"},{"brand":"Microsoft Edge","version":"146"},{"brand":"Chromium","version":"146"}],"platformVersion":"11.0.0","architecture":"","bitness":"","model":""},"language":"en-US","languages":["en-US"],"platform":"Linux armv81","deviceMemory":8,"hardwareConcurrency":8,"maxTouchPoints":5,"product":"Gecko","productSub":"20030107","vendor":"Google Inc.","vendorSub":null,"doNotTrack":null,"appCodeName":"Mozilla","appName":"Netscape","appVersion":"5.0 (Linux; Android 13; K) AppleWebKit/537.36 (KHTML, like Gecko) Chrome/146.0.0.0 Mobile Safari/537.36 EdgA/146.0.3856.71","oscpu":null,"extraProperties":{"vendorFlavors":["chrome"],"globalPrivacyControl":null,"pdfViewerEnabled":null,"installedApps":[]},"webdriver":false},"audioCodecs":{"ogg":"probably","mp3":"probably","wav":"probably","m4a":"maybe","aac":"probably"},"videoCodecs":{"ogg":"","h264":"probably","webm":"probably"},"pluginsData":{"plugins":[],"mimeTypes":[]},"battery":{"charging":false,"chargingTime":null,"dischargingTime":null,"level":0.37},"videoCard":{"renderer":"Adreno (TM) 750","vendor":"Qualcomm"},"multimediaDevices":{"speakers":[{"deviceId":"","kind":"audiooutput","label":"","groupId":""}],"micros":[{"deviceId":"","kind":"audioinput","label":"","groupId":""}],"webcams":[{"deviceId":"","kind":"videoinput","label":"","groupId":""}]},"fonts":["sans-serif-thin"],"mockWebRTC":false,"slim":false},"headers":{"sec-ch-ua":"\"Microsoft Edge\";v=\"146\", \"Not=A?Brand\";v=\"99\", \"Chromium\";v=\"146\"","sec-ch-ua-mobile":"?1","sec-ch-ua-platform":"\"Android\"","upgrade-insecure-requests":"1","user-agent":"Mozilla/5.0 (Linux; Android 13; K) AppleWebKit/537.36 (KHTML, like Gecko) Chrome/146.0.0.0 Mobile Safari/537.36 EdgA/146.0.3856.71","accept":"text/html,application/xhtml+xml,application/xml;q=0.9,image/avif,image/webp,image/apng,*/*;q=0.8,application/signed-exchange;v=b3;q=0.7","sec-fetch-site":"same-site","sec-fetch-mode":"navigate","sec-fetch-user":"?1","sec-fetch-dest":"document","accept-encoding":"gzip, deflate, br, zstd","accept-language":"en-US","sec-ch-ua-full-version-list":"\"Microsoft Edge\";v=\"146.0.3856.71\", \"Not=A?Brand\";v=\"99.0.0.0\", \"Chromium\";v=\"146.0.7680.165\""}}
[3/26/2026, 12:30:40 AM] [helmiii] [INFO] MAIN [BROWSER] Mobile Browser started | helmiii@duck.com
[3/26/2026, 12:30:40 AM] [helmiii] [INFO] MOBILE [LOGIN] Starting login process
[3/26/2026, 12:30:45 AM] [helmiii] [DEBUG] MOBILE [LOGIN] State check iteration 1/25
[3/26/2026, 12:30:45 AM] [helmiii] [DEBUG] MOBILE [DETECT-STATE] Current URL: login.live.com/oauth20_authorize.srf
[3/26/2026, 12:30:45 AM] [helmiii] [DEBUG] MOBILE [DETECT-STATE] Visible states: [EMAIL_INPUT]
[3/26/2026, 12:30:46 AM] [helmiii] [DEBUG] MOBILE [DETECT-STATE] Selected state by priority: EMAIL_INPUT
[3/26/2026, 12:30:46 AM] [helmiii] [DEBUG] MOBILE [LOGIN] Current state: EMAIL_INPUT
[3/26/2026, 12:30:46 AM] [helmiii] [DEBUG] MOBILE [HANDLE-STATE] Processing state: EMAIL_INPUT
[3/26/2026, 12:30:46 AM] [helmiii] [INFO] MOBILE [LOGIN] Entering email
[3/26/2026, 12:30:49 AM] [helmiii] [DEBUG] MOBILE [GHOST-CLICK] Trying to click selector: button[type="submit"], options: undefined
[3/26/2026, 12:30:50 AM] [helmiii] [DEBUG] MOBILE [DISABLE-FIDO] Modified request body: isFidoSupported set to false
[3/26/2026, 12:30:51 AM] [helmiii] [INFO] MOBILE [LOGIN-ENTER-EMAIL] Email submitted
[3/26/2026, 12:30:51 AM] [helmiii] [INFO] MOBILE [LOGIN] Email entered successfully
[3/26/2026, 12:30:52 AM] [helmiii] [DEBUG] MOBILE [LOGIN] State check iteration 2/25
[3/26/2026, 12:30:52 AM] [helmiii] [DEBUG] MOBILE [DETECT-STATE] Current URL: login.live.com/oauth20_authorize.srf
[3/26/2026, 12:30:53 AM] [helmiii] [DEBUG] MOBILE [DETECT-STATE] Get code state detected: GET_A_CODE (has password: true)
[3/26/2026, 12:30:53 AM] [helmiii] [DEBUG] MOBILE [DETECT-STATE] Selected state by priority: GET_A_CODE
[3/26/2026, 12:30:53 AM] [helmiii] [DEBUG] MOBILE [LOGIN] Current state: GET_A_CODE
[3/26/2026, 12:30:53 AM] [helmiii] [INFO] MOBILE [LOGIN] State transition: EMAIL_INPUT → GET_A_CODE
[3/26/2026, 12:30:53 AM] [helmiii] [DEBUG] MOBILE [HANDLE-STATE] Processing state: GET_A_CODE
[3/26/2026, 12:30:53 AM] [helmiii] [INFO] MOBILE [LOGIN] Attempting to bypass "Get code" page
[3/26/2026, 12:30:53 AM] [helmiii] [INFO] MOBILE [LOGIN] Found "Other ways to sign in" link
[3/26/2026, 12:30:53 AM] [helmiii] [DEBUG] MOBILE [GHOST-CLICK] Trying to click selector: [data-testid="viewFooter"] span[role="button"], options: undefined
[3/26/2026, 12:30:55 AM] [helmiii] [INFO] MOBILE [LOGIN] "Other ways to sign in" clicked
[3/26/2026, 12:30:56 AM] [helmiii] [DEBUG] MOBILE [LOGIN] State check iteration 3/25
[3/26/2026, 12:30:56 AM] [helmiii] [DEBUG] MOBILE [DETECT-STATE] Current URL: login.live.com/oauth20_authorize.srf
[3/26/2026, 12:30:56 AM] [helmiii] [DEBUG] MOBILE [DETECT-STATE] Visible states: [OTP_CODE_ENTRY, OTP_CODE_ENTRY]
[3/26/2026, 12:30:57 AM] [helmiii] [DEBUG] MOBILE [DETECT-STATE] Selected state by priority: OTP_CODE_ENTRY
[3/26/2026, 12:30:57 AM] [helmiii] [DEBUG] MOBILE [LOGIN] Current state: OTP_CODE_ENTRY
[3/26/2026, 12:30:57 AM] [helmiii] [INFO] MOBILE [LOGIN] State transition: GET_A_CODE → OTP_CODE_ENTRY
[3/26/2026, 12:30:57 AM] [helmiii] [DEBUG] MOBILE [HANDLE-STATE] Processing state: OTP_CODE_ENTRY
[3/26/2026, 12:30:57 AM] [helmiii] [INFO] MOBILE [LOGIN] OTP code entry page detected, attempting to find password option
[3/26/2026, 12:30:57 AM] [helmiii] [DEBUG] MOBILE [GHOST-CLICK] Trying to click selector: [data-testid="viewFooter"] >> [role="button"], options: undefined
[3/26/2026, 12:30:58 AM] [helmiii] [INFO] MOBILE [LOGIN] Footer link clicked
[3/26/2026, 12:30:58 AM] [helmiii] [INFO] MOBILE [LOGIN] Navigated back from OTP entry page
[3/26/2026, 12:30:59 AM] [helmiii] [DEBUG] MOBILE [LOGIN] State check iteration 4/25
[3/26/2026, 12:30:59 AM] [helmiii] [DEBUG] MOBILE [DETECT-STATE] Current URL: login.live.com/oauth20_authorize.srf
[3/26/2026, 12:30:59 AM] [helmiii] [DEBUG] MOBILE [DETECT-STATE] Visible states: [PASSWORD_INPUT]
[3/26/2026, 12:30:59 AM] [helmiii] [DEBUG] MOBILE [DETECT-STATE] Selected state by priority: PASSWORD_INPUT
[3/26/2026, 12:30:59 AM] [helmiii] [DEBUG] MOBILE [LOGIN] Current state: PASSWORD_INPUT
[3/26/2026, 12:30:59 AM] [helmiii] [INFO] MOBILE [LOGIN] State transition: OTP_CODE_ENTRY → PASSWORD_INPUT
[3/26/2026, 12:30:59 AM] [helmiii] [DEBUG] MOBILE [HANDLE-STATE] Processing state: PASSWORD_INPUT
[3/26/2026, 12:30:59 AM] [helmiii] [INFO] MOBILE [LOGIN] Entering password
[3/26/2026, 12:31:02 AM] [helmiii] [DEBUG] MOBILE [GHOST-CLICK] Trying to click selector: button[type="submit"], options: undefined
[3/26/2026, 12:31:04 AM] [helmiii] [INFO] MOBILE [LOGIN-ENTER-PASSWORD] Password submitted
[3/26/2026, 12:31:04 AM] [helmiii] [INFO] MOBILE [LOGIN] Password entered successfully
[3/26/2026, 12:31:05 AM] [helmiii] [DEBUG] MOBILE [LOGIN] State check iteration 5/25
[3/26/2026, 12:31:05 AM] [helmiii] [DEBUG] MOBILE [LOGIN] Current state: ERROR_ALERT
[3/26/2026, 12:31:05 AM] [helmiii] [INFO] MOBILE [LOGIN] State transition: PASSWORD_INPUT → ERROR_ALERT
[3/26/2026, 12:31:05 AM] [helmiii] [DEBUG] MOBILE [HANDLE-STATE] Processing state: ERROR_ALERT
[3/26/2026, 12:31:35 AM] [helmiii] [ERROR] MOBILE [LOGIN] Account error detected: Too many requests
[3/26/2026, 12:31:35 AM] [helmiii] [ERROR] MOBILE [LOGIN] Fatal error: Microsoft login error: Too many requests
[3/26/2026, 12:31:35 AM] [helmiii] [ERROR] MOBILE [FLOW] Mobile flow failed for helmiii@duck.com: Microsoft login error: Too many requests
[3/26/2026, 12:31:35 AM] [helmiii] [INFO] MAIN [RUN-END] Completed all accounts | Accounts processed: 1 | Total points collected: +0 | Old total: 0 → New total: 0 | Total runtime: 0.9min
