
> microsoft-rewards-script@4.0.0-beta.1 start
> node ./dist/index.js

[3/25/2026, 10:27:17 PM] [MAIN] [INFO] MAIN [RUN-START] Starting Microsoft Rewards Script | v4.0.0-beta.1 | Accounts: 1 | Clusters: 1
[3/25/2026, 10:27:17 PM] [helmiii] [INFO] MAIN [ACCOUNT-START] Starting account: helmiii@duck.com | geoLocale: auto
[3/25/2026, 10:27:17 PM] [helmiii] [INFO] MAIN [FLOW] Starting session for helmiii@duck.com
[3/25/2026, 10:27:18 PM] [helmiii] [INFO] MOBILE [BROWSER] Created browser with User-Agent: "Mozilla/5.0 (Linux; Android 14; K) AppleWebKit/537.36 (KHTML, like Gecko) Chrome/146.0.0.0 Mobile Safari/537.36 EdgA/146.0.3856.71"
[3/25/2026, 10:27:18 PM] [helmiii] [DEBUG] MOBILE [BROWSER-FINGERPRINT] {"fingerprint":{"screen":{"availTop":0,"availLeft":0,"pageXOffset":0,"pageYOffset":0,"screenX":0,"hasHDR":true,"width":412,"height":915,"availWidth":412,"availHeight":915,"clientWidth":0,"clientHeight":19,"innerWidth":0,"innerHeight":0,"outerWidth":412,"outerHeight":749,"colorDepth":24,"pixelDepth":24,"devicePixelRatio":2.625},"navigator":{"userAgent":"Mozilla/5.0 (Linux; Android 14; K) AppleWebKit/537.36 (KHTML, like Gecko) Chrome/146.0.0.0 Mobile Safari/537.36 EdgA/146.0.3856.71","userAgentData":{"isMobile":true,"platform":"Android","fullVersionList":[{"brand":"Not/A)Brand","version":"99.0.0.0"},{"brand":"Microsoft Edge","version":"146.0.3856.71"},{"brand":"Chromium","version":"146.0.7680.165"}],"brands":[{"brand":"Not/A)Brand","version":"99"},{"brand":"Microsoft Edge","version":"146"},{"brand":"Chromium","version":"146"}],"platformVersion":"10.0.0","architecture":"","bitness":"","model":""},"language":"en-US","languages":["en-US"],"platform":"Linux armv81","deviceMemory":8,"hardwareConcurrency":8,"maxTouchPoints":5,"product":"Gecko","productSub":"20030107","vendor":"Google Inc.","vendorSub":null,"doNotTrack":null,"appCodeName":"Mozilla","appName":"Netscape","appVersion":"5.0 (Linux; Android 14; K) AppleWebKit/537.36 (KHTML, like Gecko) Chrome/146.0.0.0 Mobile Safari/537.36 EdgA/146.0.3856.71","oscpu":null,"extraProperties":{"vendorFlavors":["chrome"],"globalPrivacyControl":null,"pdfViewerEnabled":null,"installedApps":[]},"webdriver":false},"audioCodecs":{"ogg":"probably","mp3":"probably","wav":"probably","m4a":"maybe","aac":"probably"},"videoCodecs":{"ogg":"","h264":"probably","webm":"probably"},"pluginsData":{"plugins":[],"mimeTypes":[]},"battery":{"charging":false,"chargingTime":null,"dischargingTime":null,"level":0.37},"videoCard":{"renderer":"Adreno (TM) 750","vendor":"Qualcomm"},"multimediaDevices":{"speakers":[{"deviceId":"","kind":"audiooutput","label":"","groupId":""}],"micros":[{"deviceId":"","kind":"audioinput","label":"","groupId":""}],"webcams":[{"deviceId":"","kind":"videoinput","label":"","groupId":""}]},"fonts":["sans-serif-thin"],"mockWebRTC":false,"slim":false},"headers":{"sec-ch-ua":"\"Microsoft Edge\";v=\"146\", \"Not=A?Brand\";v=\"99\", \"Chromium\";v=\"146\"","sec-ch-ua-mobile":"?1","sec-ch-ua-platform":"\"Android\"","upgrade-insecure-requests":"1","user-agent":"Mozilla/5.0 (Linux; Android 14; K) AppleWebKit/537.36 (KHTML, like Gecko) Chrome/146.0.0.0 Mobile Safari/537.36 EdgA/146.0.3856.71","accept":"text/html,application/xhtml+xml,application/xml;q=0.9,image/avif,image/webp,image/apng,*/*;q=0.8,application/signed-exchange;v=b3;q=0.7","sec-fetch-site":"same-site","sec-fetch-mode":"navigate","sec-fetch-user":"?1","sec-fetch-dest":"document","accept-encoding":"gzip, deflate, br, zstd","accept-language":"en-US","sec-ch-ua-full-version-list":"\"Microsoft Edge\";v=\"146.0.3856.71\", \"Not=A?Brand\";v=\"99.0.0.0\", \"Chromium\";v=\"146.0.7680.165\""}}
[3/25/2026, 10:27:18 PM] [helmiii] [INFO] MAIN [BROWSER] Mobile Browser started | helmiii@duck.com
[3/25/2026, 10:27:18 PM] [helmiii] [INFO] MOBILE [LOGIN] Starting login process
[3/25/2026, 10:27:23 PM] [helmiii] [DEBUG] MOBILE [LOGIN] State check iteration 1/25
[3/25/2026, 10:27:23 PM] [helmiii] [DEBUG] MOBILE [DETECT-STATE] Current URL: login.live.com/oauth20_authorize.srf
[3/25/2026, 10:27:23 PM] [helmiii] [DEBUG] MOBILE [DETECT-STATE] Visible states: [EMAIL_INPUT]
[3/25/2026, 10:27:23 PM] [helmiii] [DEBUG] MOBILE [DETECT-STATE] Selected state by priority: EMAIL_INPUT
[3/25/2026, 10:27:23 PM] [helmiii] [DEBUG] MOBILE [LOGIN] Current state: EMAIL_INPUT
[3/25/2026, 10:27:23 PM] [helmiii] [DEBUG] MOBILE [HANDLE-STATE] Processing state: EMAIL_INPUT
[3/25/2026, 10:27:23 PM] [helmiii] [INFO] MOBILE [LOGIN] Entering email
[3/25/2026, 10:27:27 PM] [helmiii] [DEBUG] MOBILE [GHOST-CLICK] Trying to click selector: button[type="submit"], options: undefined
[3/25/2026, 10:27:28 PM] [helmiii] [DEBUG] MOBILE [DISABLE-FIDO] Modified request body: isFidoSupported set to false
[3/25/2026, 10:27:29 PM] [helmiii] [INFO] MOBILE [LOGIN-ENTER-EMAIL] Email submitted
[3/25/2026, 10:27:29 PM] [helmiii] [INFO] MOBILE [LOGIN] Email entered successfully
[3/25/2026, 10:27:30 PM] [helmiii] [DEBUG] MOBILE [LOGIN] State check iteration 2/25
[3/25/2026, 10:27:30 PM] [helmiii] [DEBUG] MOBILE [DETECT-STATE] Current URL: login.live.com/oauth20_authorize.srf
[3/25/2026, 10:27:30 PM] [helmiii] [DEBUG] MOBILE [DETECT-STATE] Get code state detected: GET_A_CODE (has password: true)
[3/25/2026, 10:27:30 PM] [helmiii] [DEBUG] MOBILE [DETECT-STATE] Selected state by priority: GET_A_CODE
[3/25/2026, 10:27:30 PM] [helmiii] [DEBUG] MOBILE [LOGIN] Current state: GET_A_CODE
[3/25/2026, 10:27:30 PM] [helmiii] [INFO] MOBILE [LOGIN] State transition: EMAIL_INPUT → GET_A_CODE
[3/25/2026, 10:27:30 PM] [helmiii] [DEBUG] MOBILE [HANDLE-STATE] Processing state: GET_A_CODE
[3/25/2026, 10:27:30 PM] [helmiii] [INFO] MOBILE [LOGIN] Attempting to bypass "Get code" page
[3/25/2026, 10:27:30 PM] [helmiii] [INFO] MOBILE [LOGIN] Found "Other ways to sign in" link
[3/25/2026, 10:27:30 PM] [helmiii] [DEBUG] MOBILE [GHOST-CLICK] Trying to click selector: [data-testid="viewFooter"] span[role="button"], options: undefined
[3/25/2026, 10:27:32 PM] [helmiii] [INFO] MOBILE [LOGIN] "Other ways to sign in" clicked
[3/25/2026, 10:27:33 PM] [helmiii] [DEBUG] MOBILE [LOGIN] State check iteration 3/25
[3/25/2026, 10:27:33 PM] [helmiii] [DEBUG] MOBILE [DETECT-STATE] Current URL: login.live.com/oauth20_authorize.srf
[3/25/2026, 10:27:34 PM] [helmiii] [DEBUG] MOBILE [DETECT-STATE] Visible states: [OTP_CODE_ENTRY, OTP_CODE_ENTRY]
[3/25/2026, 10:27:34 PM] [helmiii] [DEBUG] MOBILE [DETECT-STATE] Selected state by priority: OTP_CODE_ENTRY
[3/25/2026, 10:27:34 PM] [helmiii] [DEBUG] MOBILE [LOGIN] Current state: OTP_CODE_ENTRY
[3/25/2026, 10:27:34 PM] [helmiii] [INFO] MOBILE [LOGIN] State transition: GET_A_CODE → OTP_CODE_ENTRY
[3/25/2026, 10:27:34 PM] [helmiii] [DEBUG] MOBILE [HANDLE-STATE] Processing state: OTP_CODE_ENTRY
[3/25/2026, 10:27:34 PM] [helmiii] [INFO] MOBILE [LOGIN] OTP code entry page detected, attempting to find password option
[3/25/2026, 10:27:34 PM] [helmiii] [DEBUG] MOBILE [GHOST-CLICK] Trying to click selector: [data-testid="viewFooter"] >> [role="button"], options: undefined
[3/25/2026, 10:27:36 PM] [helmiii] [INFO] MOBILE [LOGIN] Footer link clicked
[3/25/2026, 10:27:36 PM] [helmiii] [INFO] MOBILE [LOGIN] Navigated back from OTP entry page
[3/25/2026, 10:27:37 PM] [helmiii] [DEBUG] MOBILE [LOGIN] State check iteration 4/25
[3/25/2026, 10:27:37 PM] [helmiii] [DEBUG] MOBILE [DETECT-STATE] Current URL: login.live.com/oauth20_authorize.srf
[3/25/2026, 10:27:38 PM] [helmiii] [DEBUG] MOBILE [DETECT-STATE] Visible states: [PASSWORD_INPUT]
[3/25/2026, 10:27:38 PM] [helmiii] [DEBUG] MOBILE [DETECT-STATE] Selected state by priority: PASSWORD_INPUT
[3/25/2026, 10:27:38 PM] [helmiii] [DEBUG] MOBILE [LOGIN] Current state: PASSWORD_INPUT
[3/25/2026, 10:27:38 PM] [helmiii] [INFO] MOBILE [LOGIN] State transition: OTP_CODE_ENTRY → PASSWORD_INPUT
[3/25/2026, 10:27:38 PM] [helmiii] [DEBUG] MOBILE [HANDLE-STATE] Processing state: PASSWORD_INPUT
[3/25/2026, 10:27:38 PM] [helmiii] [INFO] MOBILE [LOGIN] Entering password
[3/25/2026, 10:27:40 PM] [helmiii] [DEBUG] MOBILE [GHOST-CLICK] Trying to click selector: button[type="submit"], options: undefined
[3/25/2026, 10:27:42 PM] [helmiii] [INFO] MOBILE [LOGIN-ENTER-PASSWORD] Password submitted
[3/25/2026, 10:27:43 PM] [helmiii] [INFO] MOBILE [LOGIN] Password entered successfully
[3/25/2026, 10:27:44 PM] [helmiii] [DEBUG] MOBILE [LOGIN] State check iteration 5/25
[3/25/2026, 10:27:44 PM] [helmiii] [DEBUG] MOBILE [DETECT-STATE] Current URL: login.live.com/ppsecure/post.srf
[3/25/2026, 10:27:45 PM] [helmiii] [DEBUG] MOBILE [DETECT-STATE] Visible states: [KMSI_PROMPT]
[3/25/2026, 10:27:45 PM] [helmiii] [DEBUG] MOBILE [DETECT-STATE] Get code state detected: GET_A_CODE (has password: true)
[3/25/2026, 10:27:45 PM] [helmiii] [DEBUG] MOBILE [DETECT-STATE] Selected state by priority: KMSI_PROMPT
[3/25/2026, 10:27:45 PM] [helmiii] [DEBUG] MOBILE [LOGIN] Current state: KMSI_PROMPT
[3/25/2026, 10:27:45 PM] [helmiii] [INFO] MOBILE [LOGIN] State transition: PASSWORD_INPUT → KMSI_PROMPT
[3/25/2026, 10:27:45 PM] [helmiii] [DEBUG] MOBILE [HANDLE-STATE] Processing state: KMSI_PROMPT
[3/25/2026, 10:27:45 PM] [helmiii] [INFO] MOBILE [LOGIN] Accepting KMSI prompt
[3/25/2026, 10:27:45 PM] [helmiii] [DEBUG] MOBILE [GHOST-CLICK] Trying to click selector: button[data-testid="primaryButton"], options: undefined
[3/25/2026, 10:27:52 PM] [helmiii] [DEBUG] MOBILE [LOGIN] Network idle timeout after KMSI acceptance
[3/25/2026, 10:27:52 PM] [helmiii] [INFO] MOBILE [LOGIN] KMSI prompt accepted
[3/25/2026, 10:27:53 PM] [helmiii] [DEBUG] MOBILE [LOGIN] State check iteration 6/25
[3/25/2026, 10:27:55 PM] [helmiii] [DEBUG] MOBILE [DETECT-STATE] Current URL: rewards.bing.com/dashboard
[3/25/2026, 10:27:55 PM] [helmiii] [DEBUG] MOBILE [DETECT-STATE] On rewards/account page, assuming logged in
[3/25/2026, 10:27:55 PM] [helmiii] [DEBUG] MOBILE [LOGIN] Current state: LOGGED_IN
[3/25/2026, 10:27:55 PM] [helmiii] [INFO] MOBILE [LOGIN] State transition: KMSI_PROMPT → LOGGED_IN
[3/25/2026, 10:27:55 PM] [helmiii] [INFO] MOBILE [LOGIN] Successfully logged in
[3/25/2026, 10:27:55 PM] [helmiii] [INFO] MOBILE [LOGIN] Finalizing login
[3/25/2026, 10:27:57 PM] [helmiii] [INFO] MOBILE [LOGIN] Logged into Microsoft Rewards successfully
[3/25/2026, 10:27:57 PM] [helmiii] [INFO] MOBILE [LOGIN] Starting Bing session verification
[3/25/2026, 10:27:57 PM] [helmiii] [INFO] MOBILE [LOGIN-BING] Verifying Bing session
[3/25/2026, 10:28:01 PM] [helmiii] [DEBUG] MOBILE [LOGIN-BING] Verification loop 1/5
[3/25/2026, 10:28:01 PM] [helmiii] [DEBUG] MOBILE [DETECT-STATE] Current URL: www.bing.com/
[3/25/2026, 10:28:02 PM] [helmiii] [DEBUG] MOBILE [DETECT-STATE] No matching states found
[3/25/2026, 10:28:02 PM] [helmiii] [DEBUG] MOBILE [LOGIN-BING] At Bing home: true (www.bing.com/)
[3/25/2026, 10:28:05 PM] [helmiii] [DEBUG] MOBILE [LOGIN-BING] Profile element found: false
[3/25/2026, 10:28:05 PM] [helmiii] [INFO] MOBILE [LOGIN-BING] Bing session verified successfully
[3/25/2026, 10:28:05 PM] [helmiii] [INFO] MOBILE [LOGIN] Starting rewards session verification
[3/25/2026, 10:28:05 PM] [helmiii] [INFO] MOBILE [GET-REWARD-SESSION] Fetching request token
[3/25/2026, 10:28:08 PM] [helmiii] [DEBUG] MOBILE [GET-REWARD-SESSION] Token fetch loop 1/5
[3/25/2026, 10:28:08 PM] [helmiii] [DEBUG] MOBILE [GET-REWARD-SESSION] Not at reward home: rewards.bing.com/dashboard
[3/25/2026, 10:28:09 PM] [helmiii] [DEBUG] MOBILE [GET-REWARD-SESSION] Token fetch loop 2/5
[3/25/2026, 10:28:09 PM] [helmiii] [DEBUG] MOBILE [GET-REWARD-SESSION] Not at reward home: rewards.bing.com/dashboard
[3/25/2026, 10:28:10 PM] [helmiii] [DEBUG] MOBILE [GET-REWARD-SESSION] Token fetch loop 3/5
[3/25/2026, 10:28:10 PM] [helmiii] [DEBUG] MOBILE [GET-REWARD-SESSION] Not at reward home: rewards.bing.com/dashboard
[3/25/2026, 10:28:11 PM] [helmiii] [DEBUG] MOBILE [GET-REWARD-SESSION] Token fetch loop 4/5
[3/25/2026, 10:28:11 PM] [helmiii] [DEBUG] MOBILE [GET-REWARD-SESSION] Not at reward home: rewards.bing.com/dashboard
[3/25/2026, 10:28:12 PM] [helmiii] [DEBUG] MOBILE [GET-REWARD-SESSION] Token fetch loop 5/5
[3/25/2026, 10:28:12 PM] [helmiii] [DEBUG] MOBILE [GET-REWARD-SESSION] Not at reward home: rewards.bing.com/dashboard
[3/25/2026, 10:28:13 PM] [helmiii] [WARN] MOBILE [GET-REWARD-SESSION] No RequestVerificationToken found, some activities may not work
[3/25/2026, 10:28:13 PM] [helmiii] [DEBUG] MOBILE [LOGIN] Retrieved 69 cookies
[3/25/2026, 10:28:13 PM] [helmiii] [INFO] MOBILE [LOGIN] Login completed, session saved
[3/25/2026, 10:28:13 PM] [helmiii] [INFO] MOBILE [GET-APP-TOKEN] Requesting mobile access token
[3/25/2026, 10:28:13 PM] [helmiii] [DEBUG] MOBILE [LOGIN-APP] Auth URL constructed: https://login.live.com/oauth20_authorize.srf
[3/25/2026, 10:28:13 PM] [helmiii] [DEBUG] MOBILE [LOGIN-APP] Navigating to OAuth authorize URL
[3/25/2026, 10:28:14 PM] [helmiii] [INFO] MOBILE [LOGIN-APP] Waiting for mobile OAuth code...
[3/25/2026, 10:28:14 PM] [helmiii] [DEBUG] MOBILE [LOGIN-APP] OAuth poll URL changed → https://login.live.com/oauth20_desktop.srf?code=M.C521_BL2.2.U.DipAlA1*hzLkfNRMSHB1r7w*m!hPp6BAXtF60hsCrN6EtEO0LwjY8nn0eo68AySaBSnYANxs7Hv7aHAOK8epQYxWecf!ZFP8fHcALtQRYGMGPhP66wLVQ8TPDgA6uvFfFm6hCjtXs7mzxraae3IQ9hDolw8rkxgXITjCTIYXQg72BKYdU*b15ae532qckICgkNc2jR3So*HPXXDqGQUiD2oEojBK6mbAJERF9TkFKK3Yr7RndPP3U*SCz*8Pj*8zrZgeWIB3S9ohFOfv1lxbGQpGjZVlW5!uqSVwY2*Z6IbmMAnwox0KbuPq!xxmAA9N7AUBQmtJkr*MLr2JEjNkizNECC9ovENXzMjXcMJcrYdNq21S6pz*3SeCG6XfC4G1uRqXEnxgcvKwhbM!FRNLqmYVTStTUPRrzlBDlDUnFTVnILjr7FjivMdATqLgyLx8816!Q4xlnTLbq*zXTsgsVYzsBrPCLBpsM2htoj1pZk672is8IgntIVYEah8LpjS9D9oKNd7cUymBerWtuFLaNU7SYWh4oXsvTapXgM9ZTe97&state=9b32c51384361ba8898c1f3d7cdabb2d&lc=1033
[3/25/2026, 10:28:14 PM] [helmiii] [DEBUG] MOBILE [LOGIN-APP] OAuth code detected in redirect URL
[3/25/2026, 10:28:14 PM] [helmiii] [DEBUG] MOBILE [LOGIN-APP] Exchanging OAuth code for access token
[3/25/2026, 10:28:14 PM] [helmiii] [INFO] MOBILE [LOGIN-APP] Mobile access token received
[3/25/2026, 10:28:14 PM] [helmiii] [DEBUG] MOBILE [LOGIN-APP] Returning to base URL
[3/25/2026, 10:28:18 PM] [helmiii] [DEBUG] MOBILE [GET-DASHBOARD-DATA] Modern UI (V4) detected from Page
[3/25/2026, 10:28:19 PM] [helmiii] [DEBUG] MOBILE [MAIN] Panel flyout data fetched successfully
[3/25/2026, 10:28:19 PM] [helmiii] [DEBUG] MOBILE [GET-POINTS] rewardsVersion=modern, hasData=true
[3/25/2026, 10:28:20 PM] [helmiii] [DEBUG] MOBILE [GET-POINTS] API counters: pcSearch=[{"name":"WW_NewLevel1_search_PC","priority":5,"attributes":{"animated_icon":"https://rewards.bing.com/rewardscdn/images/rewards/membercenter/missions/Animated-Icons/Search.json","answerScenario.Tag":"PCSearch","classification.Tag":"PCSearch","complete":"False","description":"Earn up to 15 points per day, 3 points per search. Earning starts with your third search","destination":"https://www.bing.com","image":"https://rewards.bing.com/rewardscdn/images/rewards/membercenter/missions/PC-SearchEarn_108x70.jpg","link_text":"Search and earn","max":"15","modern_image":"https://bing.com/th?id=OMR.Search.jpg&pid=Rewards","progress":"0","recurring":"true","small_image":"https://rewards.bing.com/rewardscdn/images/rewards/membercenter/missions/Mobile/Laptop-yellow-75x75px.png","state":"Default","title":"Search","translation_prompt":"Translate into target language Do not alter the placeholder parameters {0} and {1}; keep them exactly as they are","type":"search","give_eligible":"True","offerid":"WW_search_global_NewLevel1"},"offerId":"WW_search_global_NewLevel1","complete":false,"counter":0,"activityProgress":0,"activityProgressMax":0,"pointProgressMax":15,"pointProgress":0,"promotionType":"search","promotionSubtype":"","title":"Search","extBannerTitle":"","titleStyle":"","theme":"","description":"Earn up to 15 points per day, 3 points per search. Earning starts with your third search","extBannerDescription":"","descriptionStyle":"","showcaseTitle":"","showcaseDescription":"","imageUrl":"https://rewards.bing.com/rewardscdn/images/rewards/membercenter/missions/PC-SearchEarn_108x70.jpg","dynamicImage":"","smallImageUrl":"https://rewards.bing.com/rewardscdn/images/rewards/membercenter/missions/Mobile/Laptop-yellow-75x75px.png","backgroundImageUrl":"","showcaseBackgroundImageUrl":"","showcaseBackgroundLargeImageUrl":"","promotionBackgroundLeft":"","promotionBackgroundRight":"","iconUrl":"","animatedIconUrl":"https://rewards.bing.com/rewardscdn/images/rewards/membercenter/missions/Animated-Icons/Search.json","animatedLargeBackgroundImageUrl":"","destinationUrl":"https://www.bing.com","linkText":"Search and earn","hash":"f9e52d94959612df668d88c492f9f641cd0fe52fe7c116e521a43e2b962eccfb","activityType":"11","isRecurring":true,"isHidden":false,"isTestOnly":false,"isGiveEligible":true,"level":"","levelUpActionsProgress":0,"levelUpActivityDefaultSearchEngineDays":0,"levelUpActivityDefaultSearchEngineCompletedAmount":0,"levelUpActivityDailySetStreakDays":0,"levelUpActivityDailySetCompletedAmount":0,"levelUpActivityDailyStreaksCompletedAmount":0,"levelUpActivityXboxGamePassCompleted":false,"bingSearchDailyPoints":0,"bingStarMonthlyBonusProgress":0,"bingStarMonthlyBonusMaximum":0,"bingStarBonusWeeklyProgress":0,"bingStarBonusWeeklyState":"","defaultSearchEngineMonthlyBonusProgress":0,"defaultSearchEngineMonthlyBonusMaximum":0,"defaultSearchEngineMonthlyBonusState":"","monthlyLevelBonusMaximum":0,"monthlyDistributionChartSrc":"","monthlyLevelBonusProgress":0,"monthlyLevelBonusState":"","slidesCount":0,"legalText":"","legalLinkText":"","deviceType":"","exclusiveLockedFeatureCategory":"notsupported","exclusiveLockedFeatureStatus":"notsupported","exclusiveLockedFeatureDestinationUrl":"","lockedImage":"","pointsPerSearch":0,"pointsPerSearchNewLevels":0,"lastMonthLevel":"","sectionalOrdering":-1,"isAnimatedRewardEnabled":false,"hvaLevelUpActivityDailySetCompletedAmount_V2":"","hvaLevelUpActivityDailySetCompletedMax_V2":"","hvaLevelUpActivityDailySetDays_V2":"","hvaLevelUpActivityDailySetDaysMax_V2":"","hvaLevelUpActivityDailySetProgress_V2":false,"hvaLevelUpActivityDailySetDisplay_V2":false,"hvaLevelUpActivityDailyStreaksBingCompletedAmount_V2":"","hvaLevelUpActivityDailyStreaksBingCompletedMax_V2":"","hvaLevelUpActivityDailyStreaksBingProgress_V2":false,"hvaLevelUpActivityDailyStreaksBingDisplay_V2":false,"hvaLevelUpActivityDailyStreaksMobileCompletedAmount_V2":"","hvaLevelUpActivityDailyStreaksMobileCompletedMax_V2":"","hvaLevelUpActivityDailyStreaksMobileProgress_V2":false,"hvaLevelUpActivityDailyStreaksMobileDisplay_V2":false,"hvaLevelUpDefaultSearchEngineCompletedAmount_V2":"","hvaLevelUpActivityDefaultSearchEngineCompletedMax_V2":"","hvaLevelUpActivityDefaultSearchEngineDays_V2":"","hvaLevelUpActivityDefaultSearchEngineDaysMax_V2":"","hvaLevelUpActivityDefaultSearchEngineProgress_V2":false,"hvaLevelUpActivityDefaultSearchEngineDisplay_V2":false,"hvaLevelUpActivityXboxGamePassCompletedAmount_V2":"","hvaLevelUpActivityXboxGamePassCompletedMax_V2":"","hvaLevelUpActivityXboxGamePassProgress_V2":false,"hvaLevelUpActivityXboxGamePassDisplay_V2":false,"programRestructureWave2HvaFlight":"","programRestructureHvaSevenDayLink":""}], mobileSearch=undefined
[3/25/2026, 10:28:21 PM] [helmiii] [INFO] MAIN [POINTS] Earnable today | Mobile: 35 | Browser: 0 | App: 35 | helmiii@duck.com | locale: US
[3/25/2026, 10:28:21 PM] [helmiii] [INFO] MOBILE [QUEST] Starting Quest activity
[3/25/2026, 10:28:30 PM] [helmiii] [DEBUG] MOBILE [QUEST] Quest found: "Expires in 7 daysYour March guide: Explore global trips, top..." | /earn/quest/ENWW_pcparent_FY26_BingMonthlyPC_Mar_b_punchcard
[3/25/2026, 10:28:30 PM] [helmiii] [DEBUG] MOBILE [QUEST] Found 1 unique quest(s) on page
[3/25/2026, 10:28:30 PM] [helmiii] [DEBUG] MOBILE [QUEST] Found in HTML: /earn/quest/ENWW_pcparent_FY26_BingMonthlyPC_Mar_b_punchcard
[3/25/2026, 10:28:31 PM] [helmiii] [DEBUG] MOBILE [QUEST] Found via navigation: /earn/quest/ENstar_pcparent_FY26_WSB_Dec_punchcard
[3/25/2026, 10:28:31 PM] [helmiii] [INFO] MOBILE [QUEST] Found 2 unique quest(s) total
[3/25/2026, 10:28:31 PM] [helmiii] [INFO] MOBILE [QUEST] Processing: "Quest (from HTML)" (?, ?/?)
[3/25/2026, 10:28:33 PM] [helmiii] [INFO] MOBILE [QUEST-DIAG] Wrote quest HTML snapshot: ./logs/quest-ENWW_pcparent_FY26_BingMonthlyPC_Mar_b_punchcard-1774452513039-headless-true.html
[3/25/2026, 10:28:33 PM] [helmiii] [INFO] MOBILE [QUEST-DIAG] Diagnostic ms-search links count: 0
[3/25/2026, 10:29:12 PM] [helmiii] [DEBUG] MOBILE [QUEST] Timed out waiting for task links to appear
[3/25/2026, 10:29:14 PM] [helmiii] [DEBUG] MOBILE [QUEST] Found 0 task links on ENWW_pcparent_FY26_BingMonthlyPC_Mar_b_punchcard page
[3/25/2026, 10:29:14 PM] [helmiii] [INFO] MOBILE [QUEST] No available tasks for "Quest (from HTML)"
[3/25/2026, 10:29:14 PM] [helmiii] [INFO] MOBILE [QUEST] Processing: "Quest ENstar_pcparent_FY26_WSB_Dec_punchcard" (?, ?/?)
[3/25/2026, 10:29:16 PM] [helmiii] [INFO] MOBILE [QUEST-DIAG] Wrote quest HTML snapshot: ./logs/quest-ENstar_pcparent_FY26_WSB_Dec_punchcard-1774452556543-headless-true.html
[3/25/2026, 10:29:16 PM] [helmiii] [INFO] MOBILE [QUEST-DIAG] Diagnostic ms-search links count: 0
[3/25/2026, 10:29:55 PM] [helmiii] [DEBUG] MOBILE [QUEST] Timed out waiting for task links to appear
[3/25/2026, 10:29:57 PM] [helmiii] [DEBUG] MOBILE [QUEST] Found 0 task links on ENstar_pcparent_FY26_WSB_Dec_punchcard page
[3/25/2026, 10:29:57 PM] [helmiii] [INFO] MOBILE [QUEST] No available tasks for "Quest ENstar_pcparent_FY26_WSB_Dec_punchcard"
[3/25/2026, 10:29:57 PM] [helmiii] [INFO] MOBILE [QUEST] All quests processed
[3/25/2026, 10:29:57 PM] [helmiii] [INFO] MAIN [FLOW] Switching to Desktop mode for helmiii@duck.com to solve activities...
[3/25/2026, 10:29:57 PM] [helmiii] [INFO] MAIN [BROWSER] Emulating Desktop view & User-Agent | helmiii@duck.com
[3/25/2026, 10:29:58 PM] [helmiii] [DEBUG] MOBILE [QUEST-DIAG] PAGE_CONSOLE: Failed to load resource: the server responded with a status of 404 (Not Found)
[3/25/2026, 10:29:58 PM] [helmiii] [DEBUG] MOBILE [QUEST-DIAG] PAGE_CONSOLE: Failed to load resource: the server responded with a status of 404 (Not Found)
[3/25/2026, 10:30:00 PM] [helmiii] [DEBUG] DESKTOP [GET-DASHBOARD-DATA] Modern UI (V4) detected from Page
[3/25/2026, 10:30:00 PM] [helmiii] [DEBUG] MAIN [SEARCH-MANAGER] Start | account=helmiii@duck.com | mobileMissing=0 | desktopMissing=15
[3/25/2026, 10:30:00 PM] [helmiii] [INFO] MAIN [SEARCH-MANAGER] Mobile: skip-disabled (enabled=false, missing=0)
[3/25/2026, 10:30:00 PM] [helmiii] [INFO] MAIN [SEARCH-MANAGER] Desktop: skip-disabled (enabled=false, missing=15)
[3/25/2026, 10:30:00 PM] [helmiii] [INFO] MAIN [SEARCH-MANAGER] No searches scheduled (disabled or no points).
[3/25/2026, 10:30:00 PM] [helmiii] [INFO] MAIN [SEARCH-MANAGER] Closing mobile session
[3/25/2026, 10:30:00 PM] [helmiii] [INFO] MAIN [SEARCH-MANAGER] Mobile session closed
[3/25/2026, 10:30:01 PM] [helmiii] [INFO] MAIN [FLOW] Collected: +855 | Mobile: +0 | Desktop: +0 | helmiii@duck.com
[3/25/2026, 10:30:01 PM] [helmiii] [INFO] MAIN [ACCOUNT-END] Completed account: helmiii@duck.com | Total: +855 | Old: 0 → New: 855 | Duration: 164.4s
[3/25/2026, 10:30:01 PM] [helmiii] [INFO] MAIN [RUN-END] Completed all accounts | Accounts processed: 1 | Total points collected: +855 | Old total: 0 → New total: 855 | Total runtime: 2.7min
